initialisation.cpp:9:6:void SystemClock_Config()	0	static
initialisation.cpp:46:6:void InitSysTick()	0	static
initialisation.cpp:63:6:void InitLCDHardware()	0	static
initialisation.cpp:108:6:void InitADC()	0	static
initialisation.cpp:170:6:void InitSampleAcquisition()	0	static
initialisation.cpp:184:6:void InitCoverageTimer()	0	static
initialisation.cpp:196:6:void InitDebounceTimer()	0	static
initialisation.cpp:213:6:void InitEncoders()	8	static
initialisation.cpp:281:6:void InitUART()	0	static
initialisation.cpp:305:6:void InitDAC()	0	static
