lcd.cpp:54:6:void LCD::Delay(uint32_t)	8	static
lcd.cpp:58:6:void LCD::Command(const uint8_t&)	0	static
lcd.cpp:46:6:void LCD::CommandData(std::vector<unsigned char>)	24	static
lcd.cpp:65:6:void LCD::Data(const uint8_t&)	0	static
lcd.cpp:70:6:void LCD::Data16b(const uint16_t&)	4	static
lcd.cpp:77:6:void LCD::SetCursorPosition(uint16_t, uint16_t, uint16_t, uint16_t)	24	static
lcd.cpp:88:6:void LCD::Rotate(LCD_Orientation_t)	24	static
lcd.cpp:111:6:void LCD::ColourFill(uint16_t, uint16_t, uint16_t, uint16_t, const uint16_t&)	40	static
lcd.cpp:107:6:void LCD::ScreenFill(const uint16_t&)	16	static
lcd.cpp:3:6:void LCD::Init()	280	static
lcd.cpp:140:6:void LCD::PatternFill(uint16_t, uint16_t, uint16_t, uint16_t, const uint16_t*)	40	static
lcd.cpp:158:6:void LCD::DrawPixel(uint16_t, uint16_t, const uint16_t&)	32	static
lcd.cpp:166:6:void LCD::DrawLine(uint16_t, uint16_t, uint16_t, uint16_t, const uint32_t&)	72	static
lcd.cpp:213:6:void LCD::DrawRect(uint16_t, uint16_t, uint16_t, uint16_t, const uint32_t&)	48	static
lcd.cpp:234:6:void LCD::DrawChar(uint16_t, uint16_t, char, const FontData*, const uint32_t&, const uint32_t&)	48	static
lcd.cpp:268:6:void LCD::DrawCharMem(uint16_t, uint16_t, uint16_t, uint16_t*, char, const FontData*, const uint32_t&, const uint32_t&)	36	static
lcd.cpp:289:6:void LCD::DrawString(uint16_t, uint16_t, std::__cxx11::string, const FontData*, const uint32_t&, const uint32_t&)	56	static
lcd.cpp:297:6:void LCD::DrawStringMem(uint16_t, uint16_t, uint16_t, uint16_t*, std::__cxx11::string, const FontData*, const uint32_t&, const uint32_t&)	72	static
lcd.cpp:304:6:void LCD::SPISetDataSize(const SPIDataSize_t&)	0	static
