midi.h:21:7:MIDIHandler::~MIDIHandler()	16	static
basic_string.tcc:206:7:void std::__cxx11::basic_string<_CharT, _Traits, _Alloc>::_M_construct(_InIterator, _InIterator, std::forward_iterator_tag) [with _FwdIterator = char*; _CharT = char; _Traits = std::char_traits<char>; _Alloc = std::allocator<char>]	24	static
ui.h:34:7:UI::~UI()	16	static
ui.h:34:7:UI::UI()	552	static
interrupts.h:2:6:void TIM3_IRQHandler()	20	static
interrupts.h:150:6:void EXTI15_10_IRQHandler()	0	static
interrupts.h:206:6:void TIM1_BRK_TIM9_IRQHandler()	0	static
interrupts.h:212:6:void UART4_IRQHandler()	8	static
interrupts.h:220:6:void SysTick_Handler()	0	static
main.cpp:59:5:int main()	304	static
main.cpp:287:1:cpp)	32	static
