midi.cpp:116:19:void __tcf_0(void*)	16	static
midi.cpp:118:13:std::__cxx11::string MIDIHandler::NoteName(const uint8_t&)	56	static
deque.tcc:217:5:std::deque<_Tp, _Alloc>::iterator std::deque<_Tp, _Alloc>::_M_erase(std::deque<_Tp, _Alloc>::iterator) [with _Tp = MIDIEvent; _Alloc = std::allocator<MIDIEvent>]	72	static
deque.tcc:546:10:void std::deque<_Tp, _Alloc>::_M_pop_front_aux() [with _Tp = unsigned char; _Alloc = std::allocator<unsigned char>]	8	static
deque.tcc:462:7:) [with _Args = {MIDIEvent}; _Tp = MIDIEvent; _Alloc = std::allocator<MIDIEvent>]	32	static
basic_string.tcc:206:7:void std::__cxx11::basic_string<_CharT, _Traits, _Alloc>::_M_construct(_InIterator, _InIterator, std::forward_iterator_tag) [with _FwdIterator = const char*; _CharT = char; _Traits = std::char_traits<char>; _Alloc = std::allocator<char>]	24	static
midi.cpp:73:6:void MIDIHandler::DrawEvent(const MIDIEvent&)	608	static
midi.cpp:4:6:void MIDIHandler::ProcessMidi()	96	static
midi.cpp:123:1:cpp)	56	static
