midi.cpp:151:19:void __tcf_0(void*)	16	static
basic_string.h:454:7:std::__cxx11::basic_string<_CharT, _Traits, _Alloc>::basic_string(const _CharT*, const _Alloc&) [with _CharT = char; _Traits = std::char_traits<char>; _Alloc = std::allocator<char>]	32	static
midi.cpp:153:13:std::__cxx11::string MIDIHandler::NoteName(const uint8_t&)	56	static
midi.cpp:104:6:void MIDIHandler::DrawEvent(const MIDIEvent&)	312	static
deque.tcc:217:5:std::deque<_Tp, _Alloc>::iterator std::deque<_Tp, _Alloc>::_M_erase(std::deque<_Tp, _Alloc>::iterator) [with _Tp = MIDIEvent; _Alloc = std::allocator<MIDIEvent>]	72	static
deque.tcc:497:7:) [with _Args = {MIDIEvent}; _Tp = MIDIEvent; _Alloc = std::allocator<MIDIEvent>]	32	static
midi.cpp:4:6:void MIDIHandler::ProcessMidi()	104	static
midi.cpp:158:1:cpp)	8	static
