ui.cpp:330:10:uint16_t UI::DarkenColour(const uint16_t&, uint16_t)	8	static
basic_string.tcc:206:7:void std::__cxx11::basic_string<_CharT, _Traits, _Alloc>::_M_construct(_InIterator, _InIterator, std::forward_iterator_tag) [with _FwdIterator = const char*; _CharT = char; _Traits = std::char_traits<char>; _Alloc = std::allocator<char>]	24	static
basic_string.tcc:206:7:void std::__cxx11::basic_string<_CharT, _Traits, _Alloc>::_M_construct(_InIterator, _InIterator, std::forward_iterator_tag) [with _FwdIterator = char*; _CharT = char; _Traits = std::char_traits<char>; _Alloc = std::allocator<char>]	24	static
ui.cpp:139:6:void UI::DrawMenu()	232	static
ui.cpp:26:6:void UI::MenuAction(encoderType*, const volatile int8_t&)	112	static
ui.cpp:323:13:std::__cxx11::string UI::intToString(uint16_t)	280	static
ui.cpp:266:13:std::__cxx11::string UI::EncoderLabel(encoderType)	272	static
ui.cpp:302:13:std::__cxx11::string UI::floatToString(float, bool)	480	static
ui.cpp:3:6:void UI::DrawUI()	232	static
ui.cpp:59:6:void UI::EncoderAction(encoderType, const int8_t&)	80	static
ui.cpp:222:6:void UI::ResetMode()	16	static
ui.cpp:165:6:void UI::handleEncoders()	16	static
